// Jest Snapshot v1, https://goo.gl/fbAQLP

exports[`renders homepage unchanged 1`] = `
<div>
  <div
    class="size-full flex fle-col gap-6 items-center justify-center"
  >
    <h1>
      Home
    </h1>
    <a
      href="/about"
    >
      About
    </a>
  </div>
</div>
`;
